<html>
<body>
<pre>
<h1>µVision Build Log</h1>
<h2>Project:</h2>
C:\Users\pietr\coding\CA Project\ARMA.uvproj
Project File Date:  01/30/2018

<h2>Output:</h2>
Rebuild target 'Target 1'
assembling startup_LPC17xx.s...
compiling core_cm3.c...
compiling system_LPC17xx.c...
compiling channel.c...
scotlandyARM\channel.c(188): warning:  #167-D: argument of type "unsigned char *" is incompatible with parameter of type "const char *"
                                        if(!strcmp(response, OK_CODE)) {
scotlandyARM\channel.c(188): warning:  #167-D: argument of type "unsigned char *" is incompatible with parameter of type "const char *"
                                        if(!strcmp(response, OK_CODE)) {
scotlandyARM\channel.c: 2 warnings, 0 errors
compiling GLCD_LPC1700.c...
compiling funct_timer.c...
compiling IRQ_timer.c...
compiling lib_timer.c...
compiling EMAC.c...
compiling tcpip.c...
compiling lib_joystick.c...
compiling funct_joystick.c...
compiling lib_speaker.c...
compiling funct_speaker.c...
linking...
Program Size: Code=13816 RO-data=7504 RW-data=268 ZI-data=3028  
".\ARMA.axf" - 0 Error(s), 2 Warning(s).
</pre>
</body>
</html>
