ARM Linker, 5.03 [Build 76] [MDK-ARM Lite]

==============================================================================

Section Cross References

    startup_lpc17xx.o(STACK) refers (Special) to heapauxi.o(.text) for __use_two_region_memory
    startup_lpc17xx.o(HEAP) refers (Special) to heapauxi.o(.text) for __use_two_region_memory
    startup_lpc17xx.o(RESET) refers (Special) to heapauxi.o(.text) for __use_two_region_memory
    startup_lpc17xx.o(RESET) refers to startup_lpc17xx.o(STACK) for __initial_sp
    startup_lpc17xx.o(RESET) refers to startup_lpc17xx.o(.text) for Reset_Handler
    startup_lpc17xx.o(RESET) refers to channel.o(.text) for SysTick_Handler
    startup_lpc17xx.o(RESET) refers to irq_timer.o(.text) for TIMER0_IRQHandler
    startup_lpc17xx.o(.ARM.__at_0x02FC) refers (Special) to heapauxi.o(.text) for __use_two_region_memory
    startup_lpc17xx.o(.text) refers (Special) to heapauxi.o(.text) for __use_two_region_memory
    startup_lpc17xx.o(.text) refers to __main.o(!!!main) for __main
    startup_lpc17xx.o(.text) refers to startup_lpc17xx.o(HEAP) for Heap_Mem
    startup_lpc17xx.o(.text) refers to startup_lpc17xx.o(STACK) for Stack_Mem
    system_lpc17xx.o(.text) refers to system_lpc17xx.o(.data) for SystemCoreClock
    channel.o(.text) refers to glcd_lpc1700.o(.text) for GLCD_Clear
    channel.o(.text) refers to funct_joystick.o(.text) for joystick_get_input
    channel.o(.text) refers to rt_memcpy_w.o(.text) for __aeabi_memcpy4
    channel.o(.text) refers to funct_speaker.o(.text) for tone
    channel.o(.text) refers to funct_timer.o(.text) for delayMs
    channel.o(.text) refers to lib_timer.o(.text) for init_timer
    channel.o(.text) refers to rand.o(.text) for srand
    channel.o(.text) refers to rand.o(.emb_text) for rand
    channel.o(.text) refers to tcpip.o(.text) for TCPTransmitTxBuffer
    channel.o(.text) refers to rt_memcpy_v6.o(.text) for __aeabi_memcpy
    channel.o(.text) refers to strcmpv7m.o(.text) for strcmp
    channel.o(.text) refers to rt_memclr.o(.text) for __aeabi_memclr
    channel.o(.text) refers to channel.o(.data) for BAR_LINE
    channel.o(.text) refers to channel.o(.constdata) for .constdata
    channel.o(.text) refers to funct_speaker.o(.data) for TIME_ELAPSED
    channel.o(.text) refers to channel.o(.bss) for _TxFrame1
    channel.o(.text) refers to system_lpc17xx.o(.text) for SystemInit
    channel.o(.text) refers to lib_joystick.o(.text) for joystick_init
    channel.o(.text) refers to lib_speaker.o(.text) for speaker_init
    channel.o(.data) refers to channel.o(.conststring) for .conststring
    glcd_lpc1700.o(.text) refers to glcd_lpc1700.o(.emb_text) for wait
    glcd_lpc1700.o(.text) refers to glcd_lpc1700.o(.data) for driverCode
    glcd_lpc1700.o(.text) refers to rt_memclr_w.o(.text) for __aeabi_memclr4
    glcd_lpc1700.o(.text) refers to glcd_lpc1700.o(.constdata) for Font_24x16
    funct_timer.o(.text) refers to lib_timer.o(.text) for reset_timer
    irq_timer.o(.text) refers to irq_timer.o(.data) for counter
    irq_timer.o(.text) refers to funct_speaker.o(.data) for TIME_ELAPSED
    emac.o(.text) refers to tcpip.o(.text) for SwapBytes
    emac.o(.text) refers to emac.o(.data) for rptr
    tcpip.o(.text) refers to emac.o(.text) for Init_EMAC
    tcpip.o(.text) refers to aeabi_memset.o(.text) for __aeabi_memset
    tcpip.o(.text) refers to channel.o(.data) for TransmitControl
    tcpip.o(.text) refers to channel.o(.bss) for _TxFrame2
    tcpip.o(.text) refers to tcpip.o(.constdata) for MyMAC
    tcpip.o(.text) refers to channel.o(.constdata) for MyIP
    tcpip.o(.text) refers to memcmp.o(.text) for memcmp
    funct_joystick.o(.text) refers to funct_timer.o(.text) for delayMs
    funct_speaker.o(.text) refers to lib_timer.o(.text) for init_timer
    funct_speaker.o(.text) refers to rt_memcpy_w.o(.text) for __aeabi_memcpy4
    funct_speaker.o(.text) refers to strlen.o(.text) for strlen
    funct_speaker.o(.text) refers to atoi.o(.text) for atoi
    funct_speaker.o(.text) refers to funct_speaker.o(.data) for TIME_ELAPSED
    funct_speaker.o(.text) refers to funct_speaker.o(.constdata) for .constdata
    atoi.o(.text) refers to rt_errno_addr_intlibspace.o(.text) for __aeabi_errno_addr
    atoi.o(.text) refers to strtol.o(.text) for strtol
    rand.o(.emb_text) refers (Special) to libinit2.o(.ARM.Collect$$libinit$$0000000B) for __rt_lib_init_rand_2
    rand.o(.emb_text) refers to rand.o(.text) for _rand_init
    rand.o(.emb_text) refers to rand.o(.bss) for _random_number_data
    rand.o(.text) refers (Special) to libinit2.o(.ARM.Collect$$libinit$$0000000B) for __rt_lib_init_rand_2
    rand.o(.text) refers to rand.o(.bss) for .bss
    rand.o(.bss) refers (Special) to libinit2.o(.ARM.Collect$$libinit$$0000000B) for __rt_lib_init_rand_2
    rt_memcpy_v6.o(.text) refers to rt_memcpy_w.o(.text) for __aeabi_memcpy4
    aeabi_memset.o(.text) refers to rt_memclr.o(.text) for _memset
    rt_memclr.o(.text) refers to rt_memclr_w.o(.text) for _memset_w
    __main.o(!!!main) refers to rtentry.o(.ARM.Collect$$rtentry$$00000000) for __rt_entry
    rtentry.o(.ARM.Collect$$rtentry$$00000000) refers (Special) to rtentry2.o(.ARM.Collect$$rtentry$$0000000A) for __rt_entry_li
    rtentry.o(.ARM.Collect$$rtentry$$00000000) refers (Special) to rtentry2.o(.ARM.Collect$$rtentry$$0000000D) for __rt_entry_main
    rtentry.o(.ARM.Collect$$rtentry$$00000000) refers (Special) to rtentry2.o(.ARM.Collect$$rtentry$$0000000C) for __rt_entry_postli_1
    rtentry.o(.ARM.Collect$$rtentry$$00000000) refers (Special) to rtentry2.o(.ARM.Collect$$rtentry$$00000009) for __rt_entry_postsh_1
    rtentry.o(.ARM.Collect$$rtentry$$00000000) refers (Special) to rtentry2.o(.ARM.Collect$$rtentry$$00000002) for __rt_entry_presh_1
    rtentry.o(.ARM.Collect$$rtentry$$00000000) refers (Special) to rtentry4.o(.ARM.Collect$$rtentry$$00000004) for __rt_entry_sh
    rt_errno_addr.o(.text) refers to rt_errno_addr.o(.bss) for __aeabi_errno_addr_data
    rt_errno_addr_intlibspace.o(.text) refers to libspace.o(.bss) for __libspace_start
    strtol.o(.text) refers to rt_ctype_table.o(.text) for __rt_ctype_table
    strtol.o(.text) refers to _strtoul.o(.text) for _strtoul
    strtol.o(.text) refers to rt_errno_addr_intlibspace.o(.text) for __aeabi_errno_addr
    libinit2.o(.ARM.Collect$$libinit$$0000000B) refers (Weak) to rand.o(.text) for _rand_init
    libinit2.o(.ARM.Collect$$libinit$$0000000D) refers (Weak) to rt_locale_intlibspace.o(.text) for __rt_locale
    libinit2.o(.ARM.Collect$$libinit$$0000000E) refers to libinit2.o(.ARM.Collect$$libinit$$0000000D) for .ARM.Collect$$libinit$$0000000D
    libinit2.o(.ARM.Collect$$libinit$$00000010) refers to libinit2.o(.ARM.Collect$$libinit$$0000000D) for .ARM.Collect$$libinit$$0000000D
    libinit2.o(.ARM.Collect$$libinit$$00000010) refers (Weak) to lc_ctype_c.o(locale$$code) for _get_lc_ctype
    libinit2.o(.ARM.Collect$$libinit$$00000012) refers to libinit2.o(.ARM.Collect$$libinit$$0000000D) for .ARM.Collect$$libinit$$0000000D
    libinit2.o(.ARM.Collect$$libinit$$00000014) refers to libinit2.o(.ARM.Collect$$libinit$$0000000D) for .ARM.Collect$$libinit$$0000000D
    libinit2.o(.ARM.Collect$$libinit$$00000016) refers to libinit2.o(.ARM.Collect$$libinit$$0000000D) for .ARM.Collect$$libinit$$0000000D
    libinit2.o(.ARM.Collect$$libinit$$00000024) refers to argv_veneer.o(.emb_text) for __ARM_argv_veneer
    libinit2.o(.ARM.Collect$$libinit$$00000025) refers to argv_veneer.o(.emb_text) for __ARM_argv_veneer
    libspace.o(.text) refers to libspace.o(.bss) for __libspace_start
    rtentry2.o(.ARM.Collect$$rtentry$$00000008) refers to boardinit2.o(.text) for _platform_post_stackheap_init
    rtentry2.o(.ARM.Collect$$rtentry$$0000000A) refers to libinit.o(.ARM.Collect$$libinit$$00000000) for __rt_lib_init
    rtentry2.o(.ARM.Collect$$rtentry$$0000000B) refers to boardinit3.o(.text) for _platform_post_lib_init
    rtentry2.o(.ARM.Collect$$rtentry$$0000000D) refers to channel.o(.text) for main
    rtentry2.o(.ARM.Collect$$rtentry$$0000000D) refers to exit.o(.text) for exit
    rtentry2.o(.ARM.exidx) refers to rtentry2.o(.ARM.Collect$$rtentry$$00000001) for .ARM.Collect$$rtentry$$00000001
    rtentry2.o(.ARM.exidx) refers to rtentry2.o(.ARM.Collect$$rtentry$$00000008) for .ARM.Collect$$rtentry$$00000008
    rtentry2.o(.ARM.exidx) refers to rtentry2.o(.ARM.Collect$$rtentry$$0000000A) for .ARM.Collect$$rtentry$$0000000A
    rtentry2.o(.ARM.exidx) refers to rtentry2.o(.ARM.Collect$$rtentry$$0000000B) for .ARM.Collect$$rtentry$$0000000B
    rtentry2.o(.ARM.exidx) refers to rtentry2.o(.ARM.Collect$$rtentry$$0000000D) for .ARM.Collect$$rtentry$$0000000D
    rtentry4.o(.ARM.Collect$$rtentry$$00000004) refers to sys_stackheap_outer.o(.text) for __user_setup_stackheap
    rtentry4.o(.ARM.exidx) refers to rtentry4.o(.ARM.Collect$$rtentry$$00000004) for .ARM.Collect$$rtentry$$00000004
    rt_ctype_table.o(.text) refers to rt_locale_intlibspace.o(.text) for __rt_locale
    rt_ctype_table.o(.text) refers to lc_ctype_c.o(locale$$code) for _get_lc_ctype
    _strtoul.o(.text) refers to _chval.o(.text) for _chval
    _strtoul.o(.text) refers to rt_errno_addr_intlibspace.o(.text) for __aeabi_errno_addr
    argv_veneer.o(.emb_text) refers to no_argv.o(.text) for __ARM_get_argv
    sys_stackheap_outer.o(.text) refers to libspace.o(.text) for __user_perproc_libspace
    sys_stackheap_outer.o(.text) refers to startup_lpc17xx.o(.text) for __user_initial_stackheap
    rt_locale.o(.text) refers to rt_locale.o(.bss) for __rt_locale_data
    rt_locale_intlibspace.o(.text) refers to libspace.o(.bss) for __libspace_start
    lc_ctype_c.o(locale$$data) refers (Special) to libinit2.o(.ARM.Collect$$libinit$$00000010) for __rt_lib_init_lc_ctype_2
    lc_ctype_c.o(locale$$code) refers (Special) to libinit2.o(.ARM.Collect$$libinit$$00000010) for __rt_lib_init_lc_ctype_2
    lc_ctype_c.o(locale$$code) refers to strcmpv7m.o(.text) for strcmp
    lc_ctype_c.o(locale$$code) refers to lc_ctype_c.o(locale$$data) for __lcctype_c_name
    exit.o(.text) refers to rtexit.o(.ARM.Collect$$rtexit$$00000000) for __rt_exit
    _get_argv_nomalloc.o(.text) refers (Special) to hrguard.o(.text) for __heap_region$guard
    _get_argv_nomalloc.o(.text) refers to defsig_rtmem_outer.o(.text) for __rt_SIGRTMEM
    _get_argv_nomalloc.o(.text) refers to sys_command.o(.text) for _sys_command_string
    libinit.o(.ARM.Collect$$libinit$$00000000) refers (Special) to libinit2.o(.ARM.Collect$$libinit$$0000002C) for __rt_lib_init_alloca_1
    libinit.o(.ARM.Collect$$libinit$$00000000) refers (Special) to libinit2.o(.ARM.Collect$$libinit$$0000002A) for __rt_lib_init_argv_1
    libinit.o(.ARM.Collect$$libinit$$00000000) refers (Special) to libinit2.o(.ARM.Collect$$libinit$$00000019) for __rt_lib_init_atexit_1
    libinit.o(.ARM.Collect$$libinit$$00000000) refers (Special) to libinit2.o(.ARM.Collect$$libinit$$0000001F) for __rt_lib_init_clock_1
    libinit.o(.ARM.Collect$$libinit$$00000000) refers (Special) to libinit2.o(.ARM.Collect$$libinit$$00000030) for __rt_lib_init_cpp_1
    libinit.o(.ARM.Collect$$libinit$$00000000) refers (Special) to libinit2.o(.ARM.Collect$$libinit$$0000002E) for __rt_lib_init_exceptions_1
    libinit.o(.ARM.Collect$$libinit$$00000000) refers (Special) to libinit2.o(.ARM.Collect$$libinit$$00000002) for __rt_lib_init_fp_1
    libinit.o(.ARM.Collect$$libinit$$00000000) refers (Special) to libinit2.o(.ARM.Collect$$libinit$$0000001D) for __rt_lib_init_fp_trap_1
    libinit.o(.ARM.Collect$$libinit$$00000000) refers (Special) to libinit2.o(.ARM.Collect$$libinit$$00000021) for __rt_lib_init_getenv_1
    libinit.o(.ARM.Collect$$libinit$$00000000) refers (Special) to libinit2.o(.ARM.Collect$$libinit$$00000008) for __rt_lib_init_heap_1
    libinit.o(.ARM.Collect$$libinit$$00000000) refers (Special) to libinit2.o(.ARM.Collect$$libinit$$0000000F) for __rt_lib_init_lc_collate_1
    libinit.o(.ARM.Collect$$libinit$$00000000) refers (Special) to libinit2.o(.ARM.Collect$$libinit$$00000011) for __rt_lib_init_lc_ctype_1
    libinit.o(.ARM.Collect$$libinit$$00000000) refers (Special) to libinit2.o(.ARM.Collect$$libinit$$00000013) for __rt_lib_init_lc_monetary_1
    libinit.o(.ARM.Collect$$libinit$$00000000) refers (Special) to libinit2.o(.ARM.Collect$$libinit$$00000015) for __rt_lib_init_lc_numeric_1
    libinit.o(.ARM.Collect$$libinit$$00000000) refers (Special) to libinit2.o(.ARM.Collect$$libinit$$00000017) for __rt_lib_init_lc_time_1
    libinit.o(.ARM.Collect$$libinit$$00000000) refers (Special) to libinit2.o(.ARM.Collect$$libinit$$0000000C) for __rt_lib_init_rand_1
    libinit.o(.ARM.Collect$$libinit$$00000000) refers (Special) to libinit2.o(.ARM.Collect$$libinit$$00000031) for __rt_lib_init_return
    libinit.o(.ARM.Collect$$libinit$$00000000) refers (Special) to libinit2.o(.ARM.Collect$$libinit$$0000001B) for __rt_lib_init_signal_1
    libinit.o(.ARM.Collect$$libinit$$00000000) refers (Special) to libinit2.o(.ARM.Collect$$libinit$$00000023) for __rt_lib_init_stdio_1
    libinit.o(.ARM.Collect$$libinit$$00000000) refers (Special) to libinit2.o(.ARM.Collect$$libinit$$0000000A) for __rt_lib_init_user_alloc_1
    sys_command.o(.text) refers (Special) to use_no_semi.o(.text) for __I$use$semihosting
    sys_command.o(.text) refers (Special) to indicate_semi.o(.text) for __semihosting_library_function
    rtexit.o(.ARM.Collect$$rtexit$$00000000) refers (Special) to rtexit2.o(.ARM.Collect$$rtexit$$00000004) for __rt_exit_exit
    rtexit.o(.ARM.Collect$$rtexit$$00000000) refers (Special) to rtexit2.o(.ARM.Collect$$rtexit$$00000003) for __rt_exit_ls
    rtexit.o(.ARM.Collect$$rtexit$$00000000) refers (Special) to rtexit2.o(.ARM.Collect$$rtexit$$00000002) for __rt_exit_prels_1
    rtexit.o(.ARM.exidx) refers (Special) to rtexit2.o(.ARM.Collect$$rtexit$$00000004) for __rt_exit_exit
    rtexit.o(.ARM.exidx) refers (Special) to rtexit2.o(.ARM.Collect$$rtexit$$00000003) for __rt_exit_ls
    rtexit.o(.ARM.exidx) refers (Special) to rtexit2.o(.ARM.Collect$$rtexit$$00000002) for __rt_exit_prels_1
    rtexit.o(.ARM.exidx) refers to rtexit.o(.ARM.Collect$$rtexit$$00000000) for .ARM.Collect$$rtexit$$00000000
    defsig_rtmem_outer.o(.text) refers to defsig_rtmem_inner.o(.text) for __rt_SIGRTMEM_inner
    defsig_rtmem_outer.o(.text) refers to defsig_exit.o(.text) for __sig_exit
    defsig_rtmem_formal.o(.text) refers to rt_raise.o(.text) for __rt_raise
    rtexit2.o(.ARM.Collect$$rtexit$$00000003) refers to libshutdown.o(.ARM.Collect$$libshutdown$$00000000) for __rt_lib_shutdown
    rtexit2.o(.ARM.Collect$$rtexit$$00000004) refers to sys_exit.o(.text) for _sys_exit
    rtexit2.o(.ARM.exidx) refers to rtexit2.o(.ARM.Collect$$rtexit$$00000001) for .ARM.Collect$$rtexit$$00000001
    rtexit2.o(.ARM.exidx) refers to rtexit2.o(.ARM.Collect$$rtexit$$00000003) for .ARM.Collect$$rtexit$$00000003
    rtexit2.o(.ARM.exidx) refers to rtexit2.o(.ARM.Collect$$rtexit$$00000004) for .ARM.Collect$$rtexit$$00000004
    rt_raise.o(.text) refers to __raise.o(.text) for __raise
    rt_raise.o(.text) refers to sys_exit.o(.text) for _sys_exit
    defsig_exit.o(.text) refers to sys_exit.o(.text) for _sys_exit
    defsig_rtmem_inner.o(.text) refers to defsig_general.o(.text) for __default_signal_display
    sys_exit.o(.text) refers (Special) to use_no_semi.o(.text) for __I$use$semihosting
    sys_exit.o(.text) refers (Special) to indicate_semi.o(.text) for __semihosting_library_function
    __raise.o(.text) refers to defsig.o(CL$$defsig) for __default_signal_handler
    defsig_general.o(.text) refers to sys_wrch.o(.text) for _ttywrch
    libshutdown.o(.ARM.Collect$$libshutdown$$00000000) refers (Special) to libshutdown2.o(.ARM.Collect$$libshutdown$$00000006) for __rt_lib_shutdown_fp_trap_1
    libshutdown.o(.ARM.Collect$$libshutdown$$00000000) refers (Special) to libshutdown2.o(.ARM.Collect$$libshutdown$$0000000E) for __rt_lib_shutdown_heap_1
    libshutdown.o(.ARM.Collect$$libshutdown$$00000000) refers (Special) to libshutdown2.o(.ARM.Collect$$libshutdown$$0000000F) for __rt_lib_shutdown_return
    libshutdown.o(.ARM.Collect$$libshutdown$$00000000) refers (Special) to libshutdown2.o(.ARM.Collect$$libshutdown$$00000009) for __rt_lib_shutdown_signal_1
    libshutdown.o(.ARM.Collect$$libshutdown$$00000000) refers (Special) to libshutdown2.o(.ARM.Collect$$libshutdown$$00000003) for __rt_lib_shutdown_stdio_1
    libshutdown.o(.ARM.Collect$$libshutdown$$00000000) refers (Special) to libshutdown2.o(.ARM.Collect$$libshutdown$$0000000B) for __rt_lib_shutdown_user_alloc_1
    sys_wrch.o(.text) refers (Special) to use_no_semi.o(.text) for __I$use$semihosting
    sys_wrch.o(.text) refers (Special) to indicate_semi.o(.text) for __semihosting_library_function
    defsig.o(CL$$defsig) refers to defsig_rtmem_inner.o(.text) for __rt_SIGRTMEM_inner
    defsig_abrt_inner.o(.text) refers to defsig_general.o(.text) for __default_signal_display
    defsig_fpe_inner.o(.text) refers to defsig_general.o(.text) for __default_signal_display
    defsig_rtred_inner.o(.text) refers to defsig_general.o(.text) for __default_signal_display
    defsig_stak_inner.o(.text) refers to defsig_general.o(.text) for __default_signal_display
    defsig_pvfn_inner.o(.text) refers to defsig_general.o(.text) for __default_signal_display
    defsig_cppl_inner.o(.text) refers to defsig_general.o(.text) for __default_signal_display
    defsig_segv_inner.o(.text) refers to defsig_general.o(.text) for __default_signal_display
    defsig_other.o(.text) refers to defsig_general.o(.text) for __default_signal_display


==============================================================================

Removing Unused input sections from the image.

    Removing core_cm3.o(.emb_text), (32 bytes).

1 unused section(s) (total 32 bytes) removed from the image.

==============================================================================

Image Symbol Table

    Local Symbols

    Symbol Name                              Value     Ov Type        Size  Object(Section)

    RESET                                    0x00000000   Section      204  startup_lpc17xx.o(RESET)
    ../clib/angel/boardlib.s                 0x00000000   Number         0  boardinit1.o ABSOLUTE
    ../clib/angel/boardlib.s                 0x00000000   Number         0  boardinit2.o ABSOLUTE
    ../clib/angel/boardlib.s                 0x00000000   Number         0  boardshut.o ABSOLUTE
    ../clib/angel/boardlib.s                 0x00000000   Number         0  boardinit3.o ABSOLUTE
    ../clib/angel/handlers.s                 0x00000000   Number         0  __scatter_copy.o ABSOLUTE
    ../clib/angel/handlers.s                 0x00000000   Number         0  __scatter_zi.o ABSOLUTE
    ../clib/angel/kernel.s                   0x00000000   Number         0  rtentry.o ABSOLUTE
    ../clib/angel/kernel.s                   0x00000000   Number         0  rtentry2.o ABSOLUTE
    ../clib/angel/kernel.s                   0x00000000   Number         0  rtexit2.o ABSOLUTE
    ../clib/angel/kernel.s                   0x00000000   Number         0  rtentry4.o ABSOLUTE
    ../clib/angel/kernel.s                   0x00000000   Number         0  rtexit.o ABSOLUTE
    ../clib/angel/rt.s                       0x00000000   Number         0  rt_errno_addr.o ABSOLUTE
    ../clib/angel/rt.s                       0x00000000   Number         0  rt_locale_intlibspace.o ABSOLUTE
    ../clib/angel/rt.s                       0x00000000   Number         0  rt_errno_addr_intlibspace.o ABSOLUTE
    ../clib/angel/rt.s                       0x00000000   Number         0  rt_locale.o ABSOLUTE
    ../clib/angel/rt.s                       0x00000000   Number         0  rt_ctype_table.o ABSOLUTE
    ../clib/angel/rt.s                       0x00000000   Number         0  rt_raise.o ABSOLUTE
    ../clib/angel/scatter.s                  0x00000000   Number         0  __scatter.o ABSOLUTE
    ../clib/angel/startup.s                  0x00000000   Number         0  __main.o ABSOLUTE
    ../clib/angel/sys.s                      0x00000000   Number         0  sys_stackheap_outer.o ABSOLUTE
    ../clib/angel/sys.s                      0x00000000   Number         0  use_no_semi.o ABSOLUTE
    ../clib/angel/sys.s                      0x00000000   Number         0  indicate_semi.o ABSOLUTE
    ../clib/angel/sys.s                      0x00000000   Number         0  libspace.o ABSOLUTE
    ../clib/angel/sysapp.c                   0x00000000   Number         0  sys_wrch.o ABSOLUTE
    ../clib/angel/sysapp.c                   0x00000000   Number         0  sys_exit.o ABSOLUTE
    ../clib/angel/sysapp.c                   0x00000000   Number         0  sys_command.o ABSOLUTE
    ../clib/armsys.c                         0x00000000   Number         0  argv_veneer.o ABSOLUTE
    ../clib/armsys.c                         0x00000000   Number         0  no_argv.o ABSOLUTE
    ../clib/armsys.c                         0x00000000   Number         0  _get_argv_nomalloc.o ABSOLUTE
    ../clib/armsys.c                         0x00000000   Number         0  argv_veneer.o ABSOLUTE
    ../clib/heapalloc.c                      0x00000000   Number         0  hrguard.o ABSOLUTE
    ../clib/heapaux.c                        0x00000000   Number         0  heapauxi.o ABSOLUTE
    ../clib/libinit.s                        0x00000000   Number         0  libinit2.o ABSOLUTE
    ../clib/libinit.s                        0x00000000   Number         0  libshutdown2.o ABSOLUTE
    ../clib/libinit.s                        0x00000000   Number         0  libshutdown.o ABSOLUTE
    ../clib/libinit.s                        0x00000000   Number         0  libinit.o ABSOLUTE
    ../clib/locale.s                         0x00000000   Number         0  lc_ctype_c.o ABSOLUTE
    ../clib/memcpset.s                       0x00000000   Number         0  rt_memclr_w.o ABSOLUTE
    ../clib/memcpset.s                       0x00000000   Number         0  strcmpv7m.o ABSOLUTE
    ../clib/memcpset.s                       0x00000000   Number         0  rt_memcpy_v6.o ABSOLUTE
    ../clib/memcpset.s                       0x00000000   Number         0  rt_memcpy_w.o ABSOLUTE
    ../clib/memcpset.s                       0x00000000   Number         0  aeabi_memset.o ABSOLUTE
    ../clib/memcpset.s                       0x00000000   Number         0  rt_memclr.o ABSOLUTE
    ../clib/scanf.c                          0x00000000   Number         0  _strtoul.o ABSOLUTE
    ../clib/scanf.c                          0x00000000   Number         0  strtol.o ABSOLUTE
    ../clib/scanf.c                          0x00000000   Number         0  atoi.o ABSOLUTE
    ../clib/scanf.c                          0x00000000   Number         0  _chval.o ABSOLUTE
    ../clib/signal.c                         0x00000000   Number         0  defsig_general.o ABSOLUTE
    ../clib/signal.c                         0x00000000   Number         0  defsig_segv_inner.o ABSOLUTE
    ../clib/signal.c                         0x00000000   Number         0  defsig_cppl_inner.o ABSOLUTE
    ../clib/signal.c                         0x00000000   Number         0  defsig_pvfn_inner.o ABSOLUTE
    ../clib/signal.c                         0x00000000   Number         0  defsig_stak_inner.o ABSOLUTE
    ../clib/signal.c                         0x00000000   Number         0  defsig_rtred_inner.o ABSOLUTE
    ../clib/signal.c                         0x00000000   Number         0  defsig_fpe_inner.o ABSOLUTE
    ../clib/signal.c                         0x00000000   Number         0  defsig_abrt_inner.o ABSOLUTE
    ../clib/signal.c                         0x00000000   Number         0  defsig_other.o ABSOLUTE
    ../clib/signal.c                         0x00000000   Number         0  __raise.o ABSOLUTE
    ../clib/signal.c                         0x00000000   Number         0  defsig_rtmem_inner.o ABSOLUTE
    ../clib/signal.c                         0x00000000   Number         0  defsig_exit.o ABSOLUTE
    ../clib/signal.c                         0x00000000   Number         0  defsig_rtmem_formal.o ABSOLUTE
    ../clib/signal.c                         0x00000000   Number         0  defsig_rtmem_outer.o ABSOLUTE
    ../clib/signal.s                         0x00000000   Number         0  defsig.o ABSOLUTE
    ../clib/stdlib.c                         0x00000000   Number         0  rand.o ABSOLUTE
    ../clib/stdlib.c                         0x00000000   Number         0  rand.o ABSOLUTE
    ../clib/stdlib.c                         0x00000000   Number         0  exit.o ABSOLUTE
    ../clib/string.c                         0x00000000   Number         0  memcmp.o ABSOLUTE
    ../clib/string.c                         0x00000000   Number         0  strlen.o ABSOLUTE
    ../fplib/fpinit.s                        0x00000000   Number         0  fpinit.o ABSOLUTE
    dc.s                                     0x00000000   Number         0  dc.o ABSOLUTE
    scotlandyARM\EMAC.c                      0x00000000   Number         0  emac.o ABSOLUTE
    scotlandyARM\GLCD_LPC1700.c              0x00000000   Number         0  glcd_lpc1700.o ABSOLUTE
    scotlandyARM\IRQ_timer.c                 0x00000000   Number         0  irq_timer.o ABSOLUTE
    scotlandyARM\\GLCD_LPC1700.c             0x00000000   Number         0  glcd_lpc1700.o ABSOLUTE
    scotlandyARM\\core_cm3.c                 0x00000000   Number         0  core_cm3.o ABSOLUTE
    scotlandyARM\channel.c                   0x00000000   Number         0  channel.o ABSOLUTE
    scotlandyARM\core_cm3.c                  0x00000000   Number         0  core_cm3.o ABSOLUTE
    scotlandyARM\funct_joystick.c            0x00000000   Number         0  funct_joystick.o ABSOLUTE
    scotlandyARM\funct_speaker.c             0x00000000   Number         0  funct_speaker.o ABSOLUTE
    scotlandyARM\funct_timer.c               0x00000000   Number         0  funct_timer.o ABSOLUTE
    scotlandyARM\lib_joystick.c              0x00000000   Number         0  lib_joystick.o ABSOLUTE
    scotlandyARM\lib_speaker.c               0x00000000   Number         0  lib_speaker.o ABSOLUTE
    scotlandyARM\lib_timer.c                 0x00000000   Number         0  lib_timer.o ABSOLUTE
    scotlandyARM\system_LPC17xx.c            0x00000000   Number         0  system_lpc17xx.o ABSOLUTE
    scotlandyARM\tcpip.c                     0x00000000   Number         0  tcpip.o ABSOLUTE
    startup_LPC17xx.s                        0x00000000   Number         0  startup_lpc17xx.o ABSOLUTE
    !!!main                                  0x000000cc   Section        8  __main.o(!!!main)
    !!!scatter                               0x000000d4   Section       52  __scatter.o(!!!scatter)
    !!handler_copy                           0x00000108   Section       26  __scatter_copy.o(!!handler_copy)
    !!handler_zi                             0x00000124   Section       28  __scatter_zi.o(!!handler_zi)
    .ARM.Collect$$libinit$$00000000          0x00000140   Section        2  libinit.o(.ARM.Collect$$libinit$$00000000)
    .ARM.Collect$$libinit$$00000002          0x00000142   Section        0  libinit2.o(.ARM.Collect$$libinit$$00000002)
    .ARM.Collect$$libinit$$00000008          0x00000142   Section        0  libinit2.o(.ARM.Collect$$libinit$$00000008)
    .ARM.Collect$$libinit$$0000000A          0x00000142   Section        0  libinit2.o(.ARM.Collect$$libinit$$0000000A)
    .ARM.Collect$$libinit$$0000000B          0x00000142   Section        4  libinit2.o(.ARM.Collect$$libinit$$0000000B)
    .ARM.Collect$$libinit$$0000000C          0x00000146   Section        0  libinit2.o(.ARM.Collect$$libinit$$0000000C)
    .ARM.Collect$$libinit$$0000000D          0x00000146   Section        6  libinit2.o(.ARM.Collect$$libinit$$0000000D)
    .ARM.Collect$$libinit$$0000000F          0x0000014c   Section        0  libinit2.o(.ARM.Collect$$libinit$$0000000F)
    .ARM.Collect$$libinit$$00000010          0x0000014c   Section       12  libinit2.o(.ARM.Collect$$libinit$$00000010)
    .ARM.Collect$$libinit$$00000011          0x00000158   Section        0  libinit2.o(.ARM.Collect$$libinit$$00000011)
    .ARM.Collect$$libinit$$00000013          0x00000158   Section        0  libinit2.o(.ARM.Collect$$libinit$$00000013)
    .ARM.Collect$$libinit$$00000015          0x00000158   Section        0  libinit2.o(.ARM.Collect$$libinit$$00000015)
    .ARM.Collect$$libinit$$00000017          0x00000158   Section        0  libinit2.o(.ARM.Collect$$libinit$$00000017)
    .ARM.Collect$$libinit$$00000019          0x00000158   Section        0  libinit2.o(.ARM.Collect$$libinit$$00000019)
    .ARM.Collect$$libinit$$0000001B          0x00000158   Section        0  libinit2.o(.ARM.Collect$$libinit$$0000001B)
    .ARM.Collect$$libinit$$0000001D          0x00000158   Section        0  libinit2.o(.ARM.Collect$$libinit$$0000001D)
    .ARM.Collect$$libinit$$0000001F          0x00000158   Section        0  libinit2.o(.ARM.Collect$$libinit$$0000001F)
    .ARM.Collect$$libinit$$00000021          0x00000158   Section        0  libinit2.o(.ARM.Collect$$libinit$$00000021)
    .ARM.Collect$$libinit$$00000023          0x00000158   Section        0  libinit2.o(.ARM.Collect$$libinit$$00000023)
    .ARM.Collect$$libinit$$0000002A          0x00000158   Section        0  libinit2.o(.ARM.Collect$$libinit$$0000002A)
    .ARM.Collect$$libinit$$0000002C          0x00000158   Section        0  libinit2.o(.ARM.Collect$$libinit$$0000002C)
    .ARM.Collect$$libinit$$0000002E          0x00000158   Section        0  libinit2.o(.ARM.Collect$$libinit$$0000002E)
    .ARM.Collect$$libinit$$00000030          0x00000158   Section        0  libinit2.o(.ARM.Collect$$libinit$$00000030)
    .ARM.Collect$$libinit$$00000031          0x00000158   Section        2  libinit2.o(.ARM.Collect$$libinit$$00000031)
    .ARM.Collect$$libshutdown$$00000000      0x0000015a   Section        2  libshutdown.o(.ARM.Collect$$libshutdown$$00000000)
    .ARM.Collect$$libshutdown$$00000003      0x0000015c   Section        0  libshutdown2.o(.ARM.Collect$$libshutdown$$00000003)
    .ARM.Collect$$libshutdown$$00000006      0x0000015c   Section        0  libshutdown2.o(.ARM.Collect$$libshutdown$$00000006)
    .ARM.Collect$$libshutdown$$00000009      0x0000015c   Section        0  libshutdown2.o(.ARM.Collect$$libshutdown$$00000009)
    .ARM.Collect$$libshutdown$$0000000B      0x0000015c   Section        0  libshutdown2.o(.ARM.Collect$$libshutdown$$0000000B)
    .ARM.Collect$$libshutdown$$0000000E      0x0000015c   Section        0  libshutdown2.o(.ARM.Collect$$libshutdown$$0000000E)
    .ARM.Collect$$libshutdown$$0000000F      0x0000015c   Section        2  libshutdown2.o(.ARM.Collect$$libshutdown$$0000000F)
    .ARM.Collect$$rtentry$$00000000          0x0000015e   Section        0  rtentry.o(.ARM.Collect$$rtentry$$00000000)
    .ARM.Collect$$rtentry$$00000002          0x0000015e   Section        0  rtentry2.o(.ARM.Collect$$rtentry$$00000002)
    .ARM.Collect$$rtentry$$00000004          0x0000015e   Section        6  rtentry4.o(.ARM.Collect$$rtentry$$00000004)
    .ARM.Collect$$rtentry$$00000009          0x00000164   Section        0  rtentry2.o(.ARM.Collect$$rtentry$$00000009)
    .ARM.Collect$$rtentry$$0000000A          0x00000164   Section        4  rtentry2.o(.ARM.Collect$$rtentry$$0000000A)
    .ARM.Collect$$rtentry$$0000000C          0x00000168   Section        0  rtentry2.o(.ARM.Collect$$rtentry$$0000000C)
    .ARM.Collect$$rtentry$$0000000D          0x00000168   Section        8  rtentry2.o(.ARM.Collect$$rtentry$$0000000D)
    .ARM.Collect$$rtexit$$00000000           0x00000170   Section        2  rtexit.o(.ARM.Collect$$rtexit$$00000000)
    .ARM.Collect$$rtexit$$00000002           0x00000172   Section        0  rtexit2.o(.ARM.Collect$$rtexit$$00000002)
    .ARM.Collect$$rtexit$$00000003           0x00000172   Section        4  rtexit2.o(.ARM.Collect$$rtexit$$00000003)
    .ARM.Collect$$rtexit$$00000004           0x00000176   Section        6  rtexit2.o(.ARM.Collect$$rtexit$$00000004)
    .emb_text                                0x0000017c   Section        4  glcd_lpc1700.o(.emb_text)
    .emb_text                                0x00000180   Section       52  rand.o(.emb_text)
    .text                                    0x000001b4   Section       56  startup_lpc17xx.o(.text)
    .text                                    0x000001ec   Section        0  funct_timer.o(.text)
    .text                                    0x00000264   Section        0  irq_timer.o(.text)
    .text                                    0x000002c4   Section        0  lib_joystick.o(.text)
    .text                                    0x000002dc   Section        0  lib_speaker.o(.text)
    .text                                    0x000002f8   Section        2  use_no_semi.o(.text)
    .text                                    0x000002fa   Section        0  indicate_semi.o(.text)
    .ARM.__at_0x02FC                         0x000002fc   Section        4  startup_lpc17xx.o(.ARM.__at_0x02FC)
    .text                                    0x00000300   Section        0  system_lpc17xx.o(.text)
    .text                                    0x00000558   Section        0  channel.o(.text)
    .text                                    0x00000d98   Section        0  glcd_lpc1700.o(.text)
    delay                                    0x00000d99   Thumb Code    14  glcd_lpc1700.o(.text)
    lcd_send                                 0x00000db3   Thumb Code    44  glcd_lpc1700.o(.text)
    wr_cmd                                   0x00000ddf   Thumb Code    44  glcd_lpc1700.o(.text)
    wr_dat                                   0x00000e0b   Thumb Code    44  glcd_lpc1700.o(.text)
    wr_reg                                   0x00000e37   Thumb Code    36  glcd_lpc1700.o(.text)
    rd_reg                                   0x00000e5b   Thumb Code    38  glcd_lpc1700.o(.text)
    rd_dat                                   0x00001c8b   Thumb Code    98  glcd_lpc1700.o(.text)
    wr_dat_start                             0x00001ced   Thumb Code    10  glcd_lpc1700.o(.text)
    wr_dat_stop                              0x00001cf7   Thumb Code    10  glcd_lpc1700.o(.text)
    wr_dat_only                              0x00001d01   Thumb Code    32  glcd_lpc1700.o(.text)
    .text                                    0x00001d2c   Section        0  lib_timer.o(.text)
    NVIC_EnableIRQ                           0x00001daf   Thumb Code    24  lib_timer.o(.text)
    .text                                    0x00001dcc   Section        0  emac.o(.text)
    .text                                    0x00002228   Section        0  tcpip.o(.text)
    .text                                    0x000030b8   Section        0  funct_joystick.o(.text)
    .text                                    0x000030e8   Section        0  funct_speaker.o(.text)
    .text                                    0x000031dc   Section        0  atoi.o(.text)
    .text                                    0x000031f8   Section        0  rand.o(.text)
    .text                                    0x00003234   Section        0  memcmp.o(.text)
    .text                                    0x0000328c   Section        0  strlen.o(.text)
    .text                                    0x000032ca   Section      138  rt_memcpy_v6.o(.text)
    .text                                    0x00003354   Section      100  rt_memcpy_w.o(.text)
    .text                                    0x000033b8   Section       16  aeabi_memset.o(.text)
    .text                                    0x000033c8   Section       68  rt_memclr.o(.text)
    .text                                    0x0000340c   Section       78  rt_memclr_w.o(.text)
    .text                                    0x0000345c   Section      128  strcmpv7m.o(.text)
    .text                                    0x000034dc   Section        0  heapauxi.o(.text)
    .text                                    0x000034e4   Section        8  rt_errno_addr_intlibspace.o(.text)
    .text                                    0x000034ec   Section        0  strtol.o(.text)
    .text                                    0x0000355c   Section        8  libspace.o(.text)
    .text                                    0x00003564   Section       16  rt_ctype_table.o(.text)
    .text                                    0x00003574   Section        0  _strtoul.o(.text)
    .text                                    0x00003612   Section       74  sys_stackheap_outer.o(.text)
    .text                                    0x0000365c   Section        8  rt_locale_intlibspace.o(.text)
    .text                                    0x00003664   Section        0  _chval.o(.text)
    .text                                    0x00003680   Section        0  exit.o(.text)
    .text                                    0x0000368c   Section        0  sys_exit.o(.text)
    locale$$code                             0x00003698   Section       44  lc_ctype_c.o(locale$$code)
    .constdata                               0x000036c4   Section      112  channel.o(.constdata)
    .constdata                               0x00003734   Section     5376  glcd_lpc1700.o(.constdata)
    .constdata                               0x00004c34   Section        6  tcpip.o(.constdata)
    .constdata                               0x00004c3c   Section      100  funct_speaker.o(.constdata)
    .conststring                             0x00004ca0   Section     1397  channel.o(.conststring)
    locale$$data                             0x00005238   Section      272  lc_ctype_c.o(locale$$data)
    __lcctype_c_name                         0x0000523c   Data           2  lc_ctype_c.o(locale$$data)
    __lcctype_c_start                        0x00005244   Data           0  lc_ctype_c.o(locale$$data)
    __lcctype_c_end                          0x00005348   Data           0  lc_ctype_c.o(locale$$data)
    .data                                    0x10000000   Section        4  system_lpc17xx.o(.data)
    .data                                    0x10000004   Section      236  channel.o(.data)
    .data                                    0x100000f0   Section        6  glcd_lpc1700.o(.data)
    TextColor                                0x100000f0   Data           2  glcd_lpc1700.o(.data)
    BackColor                                0x100000f2   Data           2  glcd_lpc1700.o(.data)
    driverCode                               0x100000f4   Data           2  glcd_lpc1700.o(.data)
    .data                                    0x100000f8   Section        8  irq_timer.o(.data)
    .data                                    0x10000100   Section        8  emac.o(.data)
    rptr                                     0x10000100   Data           4  emac.o(.data)
    tptr                                     0x10000104   Data           4  emac.o(.data)
    .data                                    0x10000108   Section        1  funct_speaker.o(.data)
    .bss                                     0x1000010c   Section     1161  channel.o(.bss)
    .bss                                     0x10000598   Section      228  rand.o(.bss)
    .bss                                     0x1000067c   Section       96  libspace.o(.bss)
    HEAP                                     0x100006e0   Section      512  startup_lpc17xx.o(HEAP)
    Heap_Mem                                 0x100006e0   Data         512  startup_lpc17xx.o(HEAP)
    STACK                                    0x100008e0   Section     1024  startup_lpc17xx.o(STACK)
    Stack_Mem                                0x100008e0   Data        1024  startup_lpc17xx.o(STACK)
    __initial_sp                             0x10000ce0   Data           0  startup_lpc17xx.o(STACK)

    Global Symbols

    Symbol Name                              Value     Ov Type        Size  Object(Section)

    BuildAttributes$$THM_ISAv4$P$D$K$B$S$PE$A:L22UL41UL21$X:L11$S22US41US21$IEEE1$IW$USESV6$~STKCKD$USESV7$~SHL$OSPACE$ROPI$EBA8$UX$STANDARDLIB$REQ8$PRES8$EABIv2 0x00000000   Number         0  anon$$obj.o ABSOLUTE
    __ARM_use_no_argv                        0x00000000   Number         0  channel.o ABSOLUTE
    __Vectors                                0x00000000   Data           4  startup_lpc17xx.o(RESET)
    __ARM_exceptions_init                     - Undefined Weak Reference
    __alloca_initialize                       - Undefined Weak Reference
    __cpp_initialize__aeabi_                  - Undefined Weak Reference
    __cxa_finalize                            - Undefined Weak Reference
    __sigvec_lookup                           - Undefined Weak Reference
    _atexit_init                              - Undefined Weak Reference
    _call_atexit_fns                          - Undefined Weak Reference
    _clock_init                               - Undefined Weak Reference
    _fp_trap_init                             - Undefined Weak Reference
    _fp_trap_shutdown                         - Undefined Weak Reference
    _get_lc_collate                           - Undefined Weak Reference
    _get_lc_monetary                          - Undefined Weak Reference
    _get_lc_numeric                           - Undefined Weak Reference
    _get_lc_time                              - Undefined Weak Reference
    _getenv_init                              - Undefined Weak Reference
    _handle_redirection                       - Undefined Weak Reference
    _init_alloc                               - Undefined Weak Reference
    _init_user_alloc                          - Undefined Weak Reference
    _initio                                   - Undefined Weak Reference
    _signal_finish                            - Undefined Weak Reference
    _signal_init                              - Undefined Weak Reference
    _terminate_alloc                          - Undefined Weak Reference
    _terminate_user_alloc                     - Undefined Weak Reference
    _terminateio                              - Undefined Weak Reference
    __main                                   0x000000cd   Thumb Code     8  __main.o(!!!main)
    __scatterload                            0x000000d5   Thumb Code     0  __scatter.o(!!!scatter)
    __scatterload_rt2                        0x000000d5   Thumb Code    44  __scatter.o(!!!scatter)
    __scatterload_rt2_thumb_only             0x000000d5   Thumb Code     0  __scatter.o(!!!scatter)
    __scatterload_null                       0x000000e3   Thumb Code     0  __scatter.o(!!!scatter)
    __scatterload_copy                       0x00000109   Thumb Code    26  __scatter_copy.o(!!handler_copy)
    __scatterload_zeroinit                   0x00000125   Thumb Code    28  __scatter_zi.o(!!handler_zi)
    __rt_lib_init                            0x00000141   Thumb Code     0  libinit.o(.ARM.Collect$$libinit$$00000000)
    __rt_lib_init_fp_1                       0x00000143   Thumb Code     0  libinit2.o(.ARM.Collect$$libinit$$00000002)
    __rt_lib_init_heap_1                     0x00000143   Thumb Code     0  libinit2.o(.ARM.Collect$$libinit$$00000008)
    __rt_lib_init_rand_2                     0x00000143   Thumb Code     0  libinit2.o(.ARM.Collect$$libinit$$0000000B)
    __rt_lib_init_user_alloc_1               0x00000143   Thumb Code     0  libinit2.o(.ARM.Collect$$libinit$$0000000A)
    __rt_lib_init_lc_common                  0x00000147   Thumb Code     0  libinit2.o(.ARM.Collect$$libinit$$0000000D)
    __rt_lib_init_rand_1                     0x00000147   Thumb Code     0  libinit2.o(.ARM.Collect$$libinit$$0000000C)
    __rt_lib_init_lc_collate_1               0x0000014d   Thumb Code     0  libinit2.o(.ARM.Collect$$libinit$$0000000F)
    __rt_lib_init_lc_ctype_2                 0x0000014d   Thumb Code     0  libinit2.o(.ARM.Collect$$libinit$$00000010)
    __rt_lib_init_alloca_1                   0x00000159   Thumb Code     0  libinit2.o(.ARM.Collect$$libinit$$0000002C)
    __rt_lib_init_argv_1                     0x00000159   Thumb Code     0  libinit2.o(.ARM.Collect$$libinit$$0000002A)
    __rt_lib_init_atexit_1                   0x00000159   Thumb Code     0  libinit2.o(.ARM.Collect$$libinit$$00000019)
    __rt_lib_init_clock_1                    0x00000159   Thumb Code     0  libinit2.o(.ARM.Collect$$libinit$$0000001F)
    __rt_lib_init_cpp_1                      0x00000159   Thumb Code     0  libinit2.o(.ARM.Collect$$libinit$$00000030)
    __rt_lib_init_exceptions_1               0x00000159   Thumb Code     0  libinit2.o(.ARM.Collect$$libinit$$0000002E)
    __rt_lib_init_fp_trap_1                  0x00000159   Thumb Code     0  libinit2.o(.ARM.Collect$$libinit$$0000001D)
    __rt_lib_init_getenv_1                   0x00000159   Thumb Code     0  libinit2.o(.ARM.Collect$$libinit$$00000021)
    __rt_lib_init_lc_ctype_1                 0x00000159   Thumb Code     0  libinit2.o(.ARM.Collect$$libinit$$00000011)
    __rt_lib_init_lc_monetary_1              0x00000159   Thumb Code     0  libinit2.o(.ARM.Collect$$libinit$$00000013)
    __rt_lib_init_lc_numeric_1               0x00000159   Thumb Code     0  libinit2.o(.ARM.Collect$$libinit$$00000015)
    __rt_lib_init_lc_time_1                  0x00000159   Thumb Code     0  libinit2.o(.ARM.Collect$$libinit$$00000017)
    __rt_lib_init_return                     0x00000159   Thumb Code     0  libinit2.o(.ARM.Collect$$libinit$$00000031)
    __rt_lib_init_signal_1                   0x00000159   Thumb Code     0  libinit2.o(.ARM.Collect$$libinit$$0000001B)
    __rt_lib_init_stdio_1                    0x00000159   Thumb Code     0  libinit2.o(.ARM.Collect$$libinit$$00000023)
    __rt_lib_shutdown                        0x0000015b   Thumb Code     0  libshutdown.o(.ARM.Collect$$libshutdown$$00000000)
    __rt_lib_shutdown_fp_trap_1              0x0000015d   Thumb Code     0  libshutdown2.o(.ARM.Collect$$libshutdown$$00000006)
    __rt_lib_shutdown_heap_1                 0x0000015d   Thumb Code     0  libshutdown2.o(.ARM.Collect$$libshutdown$$0000000E)
    __rt_lib_shutdown_return                 0x0000015d   Thumb Code     0  libshutdown2.o(.ARM.Collect$$libshutdown$$0000000F)
    __rt_lib_shutdown_signal_1               0x0000015d   Thumb Code     0  libshutdown2.o(.ARM.Collect$$libshutdown$$00000009)
    __rt_lib_shutdown_stdio_1                0x0000015d   Thumb Code     0  libshutdown2.o(.ARM.Collect$$libshutdown$$00000003)
    __rt_lib_shutdown_user_alloc_1           0x0000015d   Thumb Code     0  libshutdown2.o(.ARM.Collect$$libshutdown$$0000000B)
    __rt_entry                               0x0000015f   Thumb Code     0  rtentry.o(.ARM.Collect$$rtentry$$00000000)
    __rt_entry_presh_1                       0x0000015f   Thumb Code     0  rtentry2.o(.ARM.Collect$$rtentry$$00000002)
    __rt_entry_sh                            0x0000015f   Thumb Code     0  rtentry4.o(.ARM.Collect$$rtentry$$00000004)
    __rt_entry_li                            0x00000165   Thumb Code     0  rtentry2.o(.ARM.Collect$$rtentry$$0000000A)
    __rt_entry_postsh_1                      0x00000165   Thumb Code     0  rtentry2.o(.ARM.Collect$$rtentry$$00000009)
    __rt_entry_main                          0x00000169   Thumb Code     0  rtentry2.o(.ARM.Collect$$rtentry$$0000000D)
    __rt_entry_postli_1                      0x00000169   Thumb Code     0  rtentry2.o(.ARM.Collect$$rtentry$$0000000C)
    __rt_exit                                0x00000171   Thumb Code     0  rtexit.o(.ARM.Collect$$rtexit$$00000000)
    __rt_exit_ls                             0x00000173   Thumb Code     0  rtexit2.o(.ARM.Collect$$rtexit$$00000003)
    __rt_exit_prels_1                        0x00000173   Thumb Code     0  rtexit2.o(.ARM.Collect$$rtexit$$00000002)
    __rt_exit_exit                           0x00000177   Thumb Code     0  rtexit2.o(.ARM.Collect$$rtexit$$00000004)
    wait                                     0x0000017d   Thumb Code     4  glcd_lpc1700.o(.emb_text)
    rand                                     0x00000181   Thumb Code    48  rand.o(.emb_text)
    Reset_Handler                            0x000001b5   Thumb Code     4  startup_lpc17xx.o(.text)
    NMI_Handler                              0x000001b9   Thumb Code     2  startup_lpc17xx.o(.text)
    HardFault_Handler                        0x000001bb   Thumb Code     2  startup_lpc17xx.o(.text)
    MemManage_Handler                        0x000001bd   Thumb Code     2  startup_lpc17xx.o(.text)
    BusFault_Handler                         0x000001bf   Thumb Code     2  startup_lpc17xx.o(.text)
    UsageFault_Handler                       0x000001c1   Thumb Code     2  startup_lpc17xx.o(.text)
    SVC_Handler                              0x000001c3   Thumb Code     2  startup_lpc17xx.o(.text)
    DebugMon_Handler                         0x000001c5   Thumb Code     2  startup_lpc17xx.o(.text)
    PendSV_Handler                           0x000001c7   Thumb Code     2  startup_lpc17xx.o(.text)
    ADC_IRQHandler                           0x000001cb   Thumb Code     0  startup_lpc17xx.o(.text)
    BOD_IRQHandler                           0x000001cb   Thumb Code     0  startup_lpc17xx.o(.text)
    CANActivity_IRQHandler                   0x000001cb   Thumb Code     0  startup_lpc17xx.o(.text)
    CAN_IRQHandler                           0x000001cb   Thumb Code     0  startup_lpc17xx.o(.text)
    DMA_IRQHandler                           0x000001cb   Thumb Code     0  startup_lpc17xx.o(.text)
    EINT0_IRQHandler                         0x000001cb   Thumb Code     0  startup_lpc17xx.o(.text)
    EINT1_IRQHandler                         0x000001cb   Thumb Code     0  startup_lpc17xx.o(.text)
    EINT2_IRQHandler                         0x000001cb   Thumb Code     0  startup_lpc17xx.o(.text)
    EINT3_IRQHandler                         0x000001cb   Thumb Code     0  startup_lpc17xx.o(.text)
    ENET_IRQHandler                          0x000001cb   Thumb Code     0  startup_lpc17xx.o(.text)
    I2C0_IRQHandler                          0x000001cb   Thumb Code     0  startup_lpc17xx.o(.text)
    I2C1_IRQHandler                          0x000001cb   Thumb Code     0  startup_lpc17xx.o(.text)
    I2C2_IRQHandler                          0x000001cb   Thumb Code     0  startup_lpc17xx.o(.text)
    I2S_IRQHandler                           0x000001cb   Thumb Code     0  startup_lpc17xx.o(.text)
    MCPWM_IRQHandler                         0x000001cb   Thumb Code     0  startup_lpc17xx.o(.text)
    PLL0_IRQHandler                          0x000001cb   Thumb Code     0  startup_lpc17xx.o(.text)
    PLL1_IRQHandler                          0x000001cb   Thumb Code     0  startup_lpc17xx.o(.text)
    PWM1_IRQHandler                          0x000001cb   Thumb Code     0  startup_lpc17xx.o(.text)
    QEI_IRQHandler                           0x000001cb   Thumb Code     0  startup_lpc17xx.o(.text)
    RIT_IRQHandler                           0x000001cb   Thumb Code     0  startup_lpc17xx.o(.text)
    RTC_IRQHandler                           0x000001cb   Thumb Code     0  startup_lpc17xx.o(.text)
    SPI_IRQHandler                           0x000001cb   Thumb Code     0  startup_lpc17xx.o(.text)
    SSP0_IRQHandler                          0x000001cb   Thumb Code     0  startup_lpc17xx.o(.text)
    SSP1_IRQHandler                          0x000001cb   Thumb Code     0  startup_lpc17xx.o(.text)
    TIMER2_IRQHandler                        0x000001cb   Thumb Code     0  startup_lpc17xx.o(.text)
    TIMER3_IRQHandler                        0x000001cb   Thumb Code     0  startup_lpc17xx.o(.text)
    UART0_IRQHandler                         0x000001cb   Thumb Code     0  startup_lpc17xx.o(.text)
    UART1_IRQHandler                         0x000001cb   Thumb Code     0  startup_lpc17xx.o(.text)
    UART2_IRQHandler                         0x000001cb   Thumb Code     0  startup_lpc17xx.o(.text)
    UART3_IRQHandler                         0x000001cb   Thumb Code     0  startup_lpc17xx.o(.text)
    USBActivity_IRQHandler                   0x000001cb   Thumb Code     0  startup_lpc17xx.o(.text)
    USB_IRQHandler                           0x000001cb   Thumb Code     0  startup_lpc17xx.o(.text)
    WDT_IRQHandler                           0x000001cb   Thumb Code     0  startup_lpc17xx.o(.text)
    __user_initial_stackheap                 0x000001cd   Thumb Code     0  startup_lpc17xx.o(.text)
    delayMs                                  0x000001ed   Thumb Code   116  funct_timer.o(.text)
    TIMER0_IRQHandler                        0x00000265   Thumb Code    62  irq_timer.o(.text)
    TIMER1_IRQHandler                        0x000002a3   Thumb Code    12  irq_timer.o(.text)
    joystick_init                            0x000002c5   Thumb Code     8  lib_joystick.o(.text)
    joystick_state                           0x000002cd   Thumb Code    10  lib_joystick.o(.text)
    speaker_init                             0x000002dd   Thumb Code    18  lib_speaker.o(.text)
    __I$use$semihosting                      0x000002f9   Thumb Code     0  use_no_semi.o(.text)
    __use_no_semihosting_swi                 0x000002f9   Thumb Code     2  use_no_semi.o(.text)
    __semihosting_library_function           0x000002fb   Thumb Code     0  indicate_semi.o(.text)
    SystemCoreClockUpdate                    0x00000301   Thumb Code   320  system_lpc17xx.o(.text)
    SystemInit                               0x00000441   Thumb Code   202  system_lpc17xx.o(.text)
    menuHandler                              0x00000559   Thumb Code   184  channel.o(.text)
    praiseTheEmpire                          0x00000611   Thumb Code   320  channel.o(.text)
    welcome                                  0x00000751   Thumb Code   120  channel.o(.text)
    Channel                                  0x000007c9   Thumb Code   872  channel.o(.text)
    convertInputToChar                       0x00000b31   Thumb Code    52  channel.o(.text)
    init_port                                0x00000b65   Thumb Code    30  channel.o(.text)
    main                                     0x00000b83   Thumb Code   324  channel.o(.text)
    SysTick_Handler                          0x00000cc7   Thumb Code    42  channel.o(.text)
    wait_delay                               0x00000da7   Thumb Code    12  glcd_lpc1700.o(.text)
    GLCD_Init                                0x00000e81   Thumb Code  2068  glcd_lpc1700.o(.text)
    GLCD_WindowMax                           0x00001695   Thumb Code    86  glcd_lpc1700.o(.text)
    GLCD_PutPixel                            0x000016eb   Thumb Code    96  glcd_lpc1700.o(.text)
    GLCD_SetTextColor                        0x0000174b   Thumb Code     6  glcd_lpc1700.o(.text)
    GLCD_SetBackColor                        0x00001751   Thumb Code     6  glcd_lpc1700.o(.text)
    GLCD_Clear                               0x00001757   Thumb Code    94  glcd_lpc1700.o(.text)
    GLCD_DrawChar                            0x000017b5   Thumb Code   232  glcd_lpc1700.o(.text)
    GLCD_DisplayChar                         0x0000189d   Thumb Code    42  glcd_lpc1700.o(.text)
    GLCD_DisplayString                       0x000018c7   Thumb Code    36  glcd_lpc1700.o(.text)
    GLCD_DisplayText                         0x000018eb   Thumb Code   156  glcd_lpc1700.o(.text)
    GLCD_ClearLn                             0x00001987   Thumb Code    20  glcd_lpc1700.o(.text)
    GLCD_Bargraph                            0x0000199b   Thumb Code   298  glcd_lpc1700.o(.text)
    GLCD_Bitmap                              0x00001ac5   Thumb Code   228  glcd_lpc1700.o(.text)
    GLCD_Bmp                                 0x00001ba9   Thumb Code   226  glcd_lpc1700.o(.text)
    enable_timer                             0x00001d2d   Thumb Code    20  lib_timer.o(.text)
    disable_timer                            0x00001d41   Thumb Code    20  lib_timer.o(.text)
    reset_timer                              0x00001d55   Thumb Code    30  lib_timer.o(.text)
    init_timer                               0x00001d73   Thumb Code    60  lib_timer.o(.text)
    write_PHY                                0x00001dcd   Thumb Code    48  emac.o(.text)
    read_PHY                                 0x00001dfd   Thumb Code    62  emac.o(.text)
    rx_descr_init                            0x00001e3b   Thumb Code   106  emac.o(.text)
    tx_descr_init                            0x00001ea5   Thumb Code    96  emac.o(.text)
    Init_EMAC                                0x00001f05   Thumb Code   404  emac.o(.text)
    ReadFrame_EMAC                           0x00002099   Thumb Code    18  emac.o(.text)
    ReadFrameBE_EMAC                         0x000020ab   Thumb Code    28  emac.o(.text)
    CopyFromFrame_EMAC                       0x000020c7   Thumb Code    36  emac.o(.text)
    DummyReadFrame_EMAC                      0x000020eb   Thumb Code    20  emac.o(.text)
    StartReadFrame                           0x000020ff   Thumb Code    40  emac.o(.text)
    EndReadFrame                             0x00002127   Thumb Code    22  emac.o(.text)
    CheckFrameReceived                       0x0000213d   Thumb Code    24  emac.o(.text)
    RequestSend                              0x00002155   Thumb Code    40  emac.o(.text)
    Rdy4Tx                                   0x0000217d   Thumb Code     4  emac.o(.text)
    WriteFrame_EMAC                          0x00002181   Thumb Code    18  emac.o(.text)
    CopyToFrame_EMAC                         0x00002193   Thumb Code    56  emac.o(.text)
    TCPLowLevelInit                          0x00002229   Thumb Code    26  tcpip.o(.text)
    TCPPassiveOpen                           0x00002243   Thumb Code    30  tcpip.o(.text)
    TCPStartRetryTimer                       0x00002261   Thumb Code    36  tcpip.o(.text)
    PrepareARP_REQUEST                       0x00002285   Thumb Code   160  tcpip.o(.text)
    TCPActiveOpen                            0x00002325   Thumb Code    60  tcpip.o(.text)
    TCPClose                                 0x00002361   Thumb Code    60  tcpip.o(.text)
    TCPReleaseRxBuffer                       0x0000239d   Thumb Code    14  tcpip.o(.text)
    TCPTransmitTxBuffer                      0x000023ab   Thumb Code    88  tcpip.o(.text)
    IsBroadcast                              0x00002403   Thumb Code    70  tcpip.o(.text)
    SendFrame1                               0x00002449   Thumb Code    14  tcpip.o(.text)
    SwapBytes                                0x00002457   Thumb Code    12  tcpip.o(.text)
    CalcChecksum                             0x00002463   Thumb Code    90  tcpip.o(.text)
    WriteDWBE                                0x000024bd   Thumb Code    22  tcpip.o(.text)
    WriteWBE                                 0x000024d3   Thumb Code    10  tcpip.o(.text)
    PrepareTCP_DATA_FRAME                    0x000024dd   Thumb Code   194  tcpip.o(.text)
    SendFrame2                               0x0000259f   Thumb Code    14  tcpip.o(.text)
    PrepareTCP_FRAME                         0x000025ad   Thumb Code   406  tcpip.o(.text)
    TCPHandleTimeout                         0x00002743   Thumb Code    40  tcpip.o(.text)
    TCPStopTimer                             0x0000276b   Thumb Code    14  tcpip.o(.text)
    TCPHandleRetransmission                  0x00002779   Thumb Code    68  tcpip.o(.text)
    TCPRestartTimer                          0x000027bd   Thumb Code     8  tcpip.o(.text)
    TCPStartTimeWaitTimer                    0x000027c5   Thumb Code    30  tcpip.o(.text)
    ProcessTCPFrame                          0x000027e3   Thumb Code  1008  tcpip.o(.text)
    PrepareICMP_ECHO_REPLY                   0x00002bd3   Thumb Code   176  tcpip.o(.text)
    ProcessICMPFrame                         0x00002c83   Thumb Code    28  tcpip.o(.text)
    ProcessEthIAFrame                        0x00002c9f   Thumb Code   206  tcpip.o(.text)
    PrepareARP_ANSWER                        0x00002d6d   Thumb Code   112  tcpip.o(.text)
    ProcessEthBroadcastFrame                 0x00002ddd   Thumb Code    98  tcpip.o(.text)
    DoNetworkStuff                           0x00002e3f   Thumb Code   562  tcpip.o(.text)
    TCPClockHandler                          0x00003071   Thumb Code    22  tcpip.o(.text)
    joystick_get_input                       0x000030b9   Thumb Code    44  funct_joystick.o(.text)
    tone                                     0x000030e9   Thumb Code    90  funct_speaker.o(.text)
    playMusic                                0x00003143   Thumb Code   140  funct_speaker.o(.text)
    atoi                                     0x000031dd   Thumb Code    26  atoi.o(.text)
    srand                                    0x000031f9   Thumb Code    42  rand.o(.text)
    _rand_init                               0x00003223   Thumb Code     4  rand.o(.text)
    memcmp                                   0x00003235   Thumb Code    88  memcmp.o(.text)
    strlen                                   0x0000328d   Thumb Code    62  strlen.o(.text)
    __aeabi_memcpy                           0x000032cb   Thumb Code     0  rt_memcpy_v6.o(.text)
    __rt_memcpy                              0x000032cb   Thumb Code   138  rt_memcpy_v6.o(.text)
    _memcpy_lastbytes                        0x00003331   Thumb Code     0  rt_memcpy_v6.o(.text)
    __aeabi_memcpy4                          0x00003355   Thumb Code     0  rt_memcpy_w.o(.text)
    __aeabi_memcpy8                          0x00003355   Thumb Code     0  rt_memcpy_w.o(.text)
    __rt_memcpy_w                            0x00003355   Thumb Code   100  rt_memcpy_w.o(.text)
    _memcpy_lastbytes_aligned                0x0000339d   Thumb Code     0  rt_memcpy_w.o(.text)
    __aeabi_memset                           0x000033b9   Thumb Code    16  aeabi_memset.o(.text)
    __aeabi_memclr                           0x000033c9   Thumb Code     0  rt_memclr.o(.text)
    __rt_memclr                              0x000033c9   Thumb Code    68  rt_memclr.o(.text)
    _memset                                  0x000033cd   Thumb Code     0  rt_memclr.o(.text)
    __aeabi_memclr4                          0x0000340d   Thumb Code     0  rt_memclr_w.o(.text)
    __aeabi_memclr8                          0x0000340d   Thumb Code     0  rt_memclr_w.o(.text)
    __rt_memclr_w                            0x0000340d   Thumb Code    78  rt_memclr_w.o(.text)
    _memset_w                                0x00003411   Thumb Code     0  rt_memclr_w.o(.text)
    strcmp                                   0x0000345d   Thumb Code   128  strcmpv7m.o(.text)
    __use_two_region_memory                  0x000034dd   Thumb Code     2  heapauxi.o(.text)
    __rt_heap_escrow$2region                 0x000034df   Thumb Code     2  heapauxi.o(.text)
    __rt_heap_expand$2region                 0x000034e1   Thumb Code     2  heapauxi.o(.text)
    __aeabi_errno_addr                       0x000034e5   Thumb Code     8  rt_errno_addr_intlibspace.o(.text)
    __errno$intlibspace                      0x000034e5   Thumb Code     0  rt_errno_addr_intlibspace.o(.text)
    __rt_errno_addr$intlibspace              0x000034e5   Thumb Code     0  rt_errno_addr_intlibspace.o(.text)
    strtol                                   0x000034ed   Thumb Code   112  strtol.o(.text)
    __user_libspace                          0x0000355d   Thumb Code     8  libspace.o(.text)
    __user_perproc_libspace                  0x0000355d   Thumb Code     0  libspace.o(.text)
    __user_perthread_libspace                0x0000355d   Thumb Code     0  libspace.o(.text)
    __rt_ctype_table                         0x00003565   Thumb Code    16  rt_ctype_table.o(.text)
    _strtoul                                 0x00003575   Thumb Code   158  _strtoul.o(.text)
    __user_setup_stackheap                   0x00003613   Thumb Code    74  sys_stackheap_outer.o(.text)
    __rt_locale                              0x0000365d   Thumb Code     8  rt_locale_intlibspace.o(.text)
    _chval                                   0x00003665   Thumb Code    28  _chval.o(.text)
    exit                                     0x00003681   Thumb Code    12  exit.o(.text)
    _sys_exit                                0x0000368d   Thumb Code     8  sys_exit.o(.text)
    _get_lc_ctype                            0x00003699   Thumb Code    44  lc_ctype_c.o(locale$$code)
    MyIP                                     0x000036c4   Data           4  channel.o(.constdata)
    SubnetMask                               0x000036c8   Data           4  channel.o(.constdata)
    GatewayIP                                0x000036cc   Data           4  channel.o(.constdata)
    Font_24x16                               0x00003734   Data        5376  glcd_lpc1700.o(.constdata)
    MyMAC                                    0x00004c34   Data           6  tcpip.o(.constdata)
    Region$$Table$$Base                      0x00005218   Number         0  anon$$obj.o(Region$$Table)
    Region$$Table$$Limit                     0x00005238   Number         0  anon$$obj.o(Region$$Table)
    __ctype                                  0x00005245   Data           0  lc_ctype_c.o(locale$$data)
    SystemCoreClock                          0x10000000   Data           4  system_lpc17xx.o(.data)
    TimeTick                                 0x10000004   Data           4  channel.o(.data)
    WRONG_PASSWORD                           0x10000008   Data           4  channel.o(.data)
    HAPPY_LINE                               0x1000000c   Data           4  channel.o(.data)
    OK_CODE                                  0x10000010   Data           4  channel.o(.data)
    stringa                                  0x10000014   Data           4  channel.o(.data)
    TEXT_TRY                                 0x10000018   Data           4  channel.o(.data)
    MAIN_MENU                                0x1000001c   Data          12  channel.o(.data)
    QUESTION_1                               0x10000028   Data           8  channel.o(.data)
    QUESTION_2                               0x10000030   Data           8  channel.o(.data)
    QUESTION_3                               0x10000038   Data           8  channel.o(.data)
    DEVICE_VERSION                           0x10000040   Data           4  channel.o(.data)
    CREDITS                                  0x10000044   Data           4  channel.o(.data)
    BAR_LINE                                 0x10000048   Data           4  channel.o(.data)
    imperial_march                           0x1000004c   Data           4  channel.o(.data)
    imperial_march_2                         0x10000050   Data           4  channel.o(.data)
    vader_ascii                              0x10000054   Data          40  channel.o(.data)
    tie_ascii                                0x1000007c   Data          12  channel.o(.data)
    binary_strings                           0x10000088   Data          32  channel.o(.data)
    WAIT_FOR_BUFFER                          0x100000a8   Data           1  channel.o(.data)
    TCPStateMachine                          0x100000a9   Data           1  channel.o(.data)
    LastFrameSent                            0x100000aa   Data           1  channel.o(.data)
    ISNGenHigh                               0x100000ac   Data           2  channel.o(.data)
    TCPSeqNr                                 0x100000b0   Data           4  channel.o(.data)
    TCPUNASeqNr                              0x100000b4   Data           4  channel.o(.data)
    TCPAckNr                                 0x100000b8   Data           4  channel.o(.data)
    TCPTimer                                 0x100000bc   Data           1  channel.o(.data)
    RetryCounter                             0x100000bd   Data           1  channel.o(.data)
    RecdFrameLength                          0x100000be   Data           2  channel.o(.data)
    RecdFrameMAC                             0x100000c0   Data           6  channel.o(.data)
    RecdFrameIP                              0x100000c6   Data           4  channel.o(.data)
    RecdIPFrameLength                        0x100000ca   Data           2  channel.o(.data)
    TxFrame1Size                             0x100000cc   Data           2  channel.o(.data)
    TxFrame2Size                             0x100000ce   Data           1  channel.o(.data)
    TransmitControl                          0x100000cf   Data           1  channel.o(.data)
    TCPFlags                                 0x100000d0   Data           1  channel.o(.data)
    TCPRxDataCount                           0x100000d2   Data           2  channel.o(.data)
    TCPTxDataCount                           0x100000d4   Data           2  channel.o(.data)
    TCPLocalPort                             0x100000d6   Data           2  channel.o(.data)
    TCPRemotePort                            0x100000d8   Data           2  channel.o(.data)
    RemoteMAC                                0x100000da   Data           6  channel.o(.data)
    RemoteIP                                 0x100000e0   Data           4  channel.o(.data)
    SocketStatus                             0x100000e4   Data           1  channel.o(.data)
    ChannelStatus                            0x100000e5   Data           1  channel.o(.data)
    SystemFrequency                          0x100000e8   Data           4  channel.o(.data)
    code                                     0x100000ec   Data           1  channel.o(.data)
    menu_choice                              0x100000ed   Data           3  channel.o(.data)
    counter                                  0x100000f8   Data           4  irq_timer.o(.data)
    c                                        0x100000fc   Data           4  irq_timer.o(.data)
    TIME_ELAPSED                             0x10000108   Data           1  funct_speaker.o(.data)
    _TxFrame1                                0x1000010c   Data         566  channel.o(.bss)
    _TxFrame2                                0x10000342   Data          74  channel.o(.bss)
    _RxTCPBuffer                             0x1000038c   Data         256  channel.o(.bss)
    password                                 0x1000048c   Data           9  channel.o(.bss)
    response                                 0x10000495   Data         256  channel.o(.bss)
    _random_number_data                      0x10000598   Data         228  rand.o(.bss)
    __libspace_start                         0x1000067c   Data          96  libspace.o(.bss)
    __temporary_stack_top$libspace           0x100006dc   Data           0  libspace.o(.bss)



==============================================================================

Memory Map of the image

  Image Entry point : 0x000001b5

  Load Region LR_1 (Base: 0x00000000, Size: 0x00005454, Max: 0xffffffff, ABSOLUTE)

    Execution Region ER_RO (Base: 0x00000000, Size: 0x00005348, Max: 0xffffffff, ABSOLUTE)

    Base Addr    Size         Type   Attr      Idx    E Section Name        Object

    0x00000000   0x000000cc   Data   RO            3    RESET               startup_lpc17xx.o
    0x000000cc   0x00000008   Code   RO          314  * !!!main             c_w.l(__main.o)
    0x000000d4   0x00000034   Code   RO          489    !!!scatter          c_w.l(__scatter.o)
    0x00000108   0x0000001a   Code   RO          491    !!handler_copy      c_w.l(__scatter_copy.o)
    0x00000122   0x00000002   PAD
    0x00000124   0x0000001c   Code   RO          493    !!handler_zi        c_w.l(__scatter_zi.o)
    0x00000140   0x00000002   Code   RO          416    .ARM.Collect$$libinit$$00000000  c_w.l(libinit.o)
    0x00000142   0x00000000   Code   RO          325    .ARM.Collect$$libinit$$00000002  c_w.l(libinit2.o)
    0x00000142   0x00000000   Code   RO          328    .ARM.Collect$$libinit$$00000008  c_w.l(libinit2.o)
    0x00000142   0x00000000   Code   RO          330    .ARM.Collect$$libinit$$0000000A  c_w.l(libinit2.o)
    0x00000142   0x00000004   Code   RO          331    .ARM.Collect$$libinit$$0000000B  c_w.l(libinit2.o)
    0x00000146   0x00000000   Code   RO          332    .ARM.Collect$$libinit$$0000000C  c_w.l(libinit2.o)
    0x00000146   0x00000006   Code   RO          333    .ARM.Collect$$libinit$$0000000D  c_w.l(libinit2.o)
    0x0000014c   0x00000000   Code   RO          335    .ARM.Collect$$libinit$$0000000F  c_w.l(libinit2.o)
    0x0000014c   0x0000000c   Code   RO          336    .ARM.Collect$$libinit$$00000010  c_w.l(libinit2.o)
    0x00000158   0x00000000   Code   RO          337    .ARM.Collect$$libinit$$00000011  c_w.l(libinit2.o)
    0x00000158   0x00000000   Code   RO          339    .ARM.Collect$$libinit$$00000013  c_w.l(libinit2.o)
    0x00000158   0x00000000   Code   RO          341    .ARM.Collect$$libinit$$00000015  c_w.l(libinit2.o)
    0x00000158   0x00000000   Code   RO          343    .ARM.Collect$$libinit$$00000017  c_w.l(libinit2.o)
    0x00000158   0x00000000   Code   RO          345    .ARM.Collect$$libinit$$00000019  c_w.l(libinit2.o)
    0x00000158   0x00000000   Code   RO          347    .ARM.Collect$$libinit$$0000001B  c_w.l(libinit2.o)
    0x00000158   0x00000000   Code   RO          349    .ARM.Collect$$libinit$$0000001D  c_w.l(libinit2.o)
    0x00000158   0x00000000   Code   RO          351    .ARM.Collect$$libinit$$0000001F  c_w.l(libinit2.o)
    0x00000158   0x00000000   Code   RO          353    .ARM.Collect$$libinit$$00000021  c_w.l(libinit2.o)
    0x00000158   0x00000000   Code   RO          355    .ARM.Collect$$libinit$$00000023  c_w.l(libinit2.o)
    0x00000158   0x00000000   Code   RO          359    .ARM.Collect$$libinit$$0000002A  c_w.l(libinit2.o)
    0x00000158   0x00000000   Code   RO          361    .ARM.Collect$$libinit$$0000002C  c_w.l(libinit2.o)
    0x00000158   0x00000000   Code   RO          363    .ARM.Collect$$libinit$$0000002E  c_w.l(libinit2.o)
    0x00000158   0x00000000   Code   RO          365    .ARM.Collect$$libinit$$00000030  c_w.l(libinit2.o)
    0x00000158   0x00000002   Code   RO          366    .ARM.Collect$$libinit$$00000031  c_w.l(libinit2.o)
    0x0000015a   0x00000002   Code   RO          451    .ARM.Collect$$libshutdown$$00000000  c_w.l(libshutdown.o)
    0x0000015c   0x00000000   Code   RO          458    .ARM.Collect$$libshutdown$$00000003  c_w.l(libshutdown2.o)
    0x0000015c   0x00000000   Code   RO          461    .ARM.Collect$$libshutdown$$00000006  c_w.l(libshutdown2.o)
    0x0000015c   0x00000000   Code   RO          464    .ARM.Collect$$libshutdown$$00000009  c_w.l(libshutdown2.o)
    0x0000015c   0x00000000   Code   RO          466    .ARM.Collect$$libshutdown$$0000000B  c_w.l(libshutdown2.o)
    0x0000015c   0x00000000   Code   RO          469    .ARM.Collect$$libshutdown$$0000000E  c_w.l(libshutdown2.o)
    0x0000015c   0x00000002   Code   RO          470    .ARM.Collect$$libshutdown$$0000000F  c_w.l(libshutdown2.o)
    0x0000015e   0x00000000   Code   RO          316    .ARM.Collect$$rtentry$$00000000  c_w.l(rtentry.o)
    0x0000015e   0x00000000   Code   RO          371    .ARM.Collect$$rtentry$$00000002  c_w.l(rtentry2.o)
    0x0000015e   0x00000006   Code   RO          383    .ARM.Collect$$rtentry$$00000004  c_w.l(rtentry4.o)
    0x00000164   0x00000000   Code   RO          373    .ARM.Collect$$rtentry$$00000009  c_w.l(rtentry2.o)
    0x00000164   0x00000004   Code   RO          374    .ARM.Collect$$rtentry$$0000000A  c_w.l(rtentry2.o)
    0x00000168   0x00000000   Code   RO          376    .ARM.Collect$$rtentry$$0000000C  c_w.l(rtentry2.o)
    0x00000168   0x00000008   Code   RO          377    .ARM.Collect$$rtentry$$0000000D  c_w.l(rtentry2.o)
    0x00000170   0x00000002   Code   RO          419    .ARM.Collect$$rtexit$$00000000  c_w.l(rtexit.o)
    0x00000172   0x00000000   Code   RO          431    .ARM.Collect$$rtexit$$00000002  c_w.l(rtexit2.o)
    0x00000172   0x00000004   Code   RO          432    .ARM.Collect$$rtexit$$00000003  c_w.l(rtexit2.o)
    0x00000176   0x00000006   Code   RO          433    .ARM.Collect$$rtexit$$00000004  c_w.l(rtexit2.o)
    0x0000017c   0x00000004   Code   RO          116    .emb_text           glcd_lpc1700.o
    0x00000180   0x00000034   Code   RO          291    .emb_text           c_w.l(rand.o)
    0x000001b4   0x00000038   Code   RO            5  * .text               startup_lpc17xx.o
    0x000001ec   0x00000078   Code   RO          146    .text               funct_timer.o
    0x00000264   0x00000060   Code   RO          158    .text               irq_timer.o
    0x000002c4   0x00000018   Code   RO          226    .text               lib_joystick.o
    0x000002dc   0x0000001c   Code   RO          250    .text               lib_speaker.o
    0x000002f8   0x00000002   Code   RO          427    .text               c_w.l(use_no_semi.o)
    0x000002fa   0x00000000   Code   RO          429    .text               c_w.l(indicate_semi.o)
    0x000002fa   0x00000002   PAD
    0x000002fc   0x00000004   Code   RO            4    .ARM.__at_0x02FC    startup_lpc17xx.o
    0x00000300   0x00000258   Code   RO           27    .text               system_lpc17xx.o
    0x00000558   0x00000840   Code   RO           52    .text               channel.o
    0x00000d98   0x00000f94   Code   RO          117    .text               glcd_lpc1700.o
    0x00001d2c   0x000000a0   Code   RO          173    .text               lib_timer.o
    0x00001dcc   0x0000045c   Code   RO          189    .text               emac.o
    0x00002228   0x00000e90   Code   RO          207    .text               tcpip.o
    0x000030b8   0x00000030   Code   RO          238    .text               funct_joystick.o
    0x000030e8   0x000000f4   Code   RO          262    .text               funct_speaker.o
    0x000031dc   0x0000001a   Code   RO          289    .text               c_w.l(atoi.o)
    0x000031f6   0x00000002   PAD
    0x000031f8   0x0000003c   Code   RO          292    .text               c_w.l(rand.o)
    0x00003234   0x00000058   Code   RO          296    .text               c_w.l(memcmp.o)
    0x0000328c   0x0000003e   Code   RO          298    .text               c_w.l(strlen.o)
    0x000032ca   0x0000008a   Code   RO          300    .text               c_w.l(rt_memcpy_v6.o)
    0x00003354   0x00000064   Code   RO          302    .text               c_w.l(rt_memcpy_w.o)
    0x000033b8   0x00000010   Code   RO          304    .text               c_w.l(aeabi_memset.o)
    0x000033c8   0x00000044   Code   RO          306    .text               c_w.l(rt_memclr.o)
    0x0000340c   0x0000004e   Code   RO          308    .text               c_w.l(rt_memclr_w.o)
    0x0000345a   0x00000002   PAD
    0x0000345c   0x00000080   Code   RO          310    .text               c_w.l(strcmpv7m.o)
    0x000034dc   0x00000006   Code   RO          312    .text               c_w.l(heapauxi.o)
    0x000034e2   0x00000002   PAD
    0x000034e4   0x00000008   Code   RO          320    .text               c_w.l(rt_errno_addr_intlibspace.o)
    0x000034ec   0x00000070   Code   RO          322    .text               c_w.l(strtol.o)
    0x0000355c   0x00000008   Code   RO          367    .text               c_w.l(libspace.o)
    0x00003564   0x00000010   Code   RO          385    .text               c_w.l(rt_ctype_table.o)
    0x00003574   0x0000009e   Code   RO          387    .text               c_w.l(_strtoul.o)
    0x00003612   0x0000004a   Code   RO          393    .text               c_w.l(sys_stackheap_outer.o)
    0x0000365c   0x00000008   Code   RO          398    .text               c_w.l(rt_locale_intlibspace.o)
    0x00003664   0x0000001c   Code   RO          400    .text               c_w.l(_chval.o)
    0x00003680   0x0000000c   Code   RO          405    .text               c_w.l(exit.o)
    0x0000368c   0x0000000c   Code   RO          443    .text               c_w.l(sys_exit.o)
    0x00003698   0x0000002c   Code   RO          403    locale$$code        c_w.l(lc_ctype_c.o)
    0x000036c4   0x00000070   Data   RO           54    .constdata          channel.o
    0x00003734   0x00001500   Data   RO          118    .constdata          glcd_lpc1700.o
    0x00004c34   0x00000006   Data   RO          208    .constdata          tcpip.o
    0x00004c3a   0x00000002   PAD
    0x00004c3c   0x00000064   Data   RO          263    .constdata          funct_speaker.o
    0x00004ca0   0x00000575   Data   RO           55    .conststring        channel.o
    0x00005215   0x00000003   PAD
    0x00005218   0x00000020   Data   RO          487    Region$$Table       anon$$obj.o
    0x00005238   0x00000110   Data   RO          402    locale$$data        c_w.l(lc_ctype_c.o)


    Execution Region ER_RW (Base: 0x10000000, Size: 0x0000010c, Max: 0xffffffff, ABSOLUTE)

    Base Addr    Size         Type   Attr      Idx    E Section Name        Object

    0x10000000   0x00000004   Data   RW           28    .data               system_lpc17xx.o
    0x10000004   0x000000ec   Data   RW           56    .data               channel.o
    0x100000f0   0x00000006   Data   RW          119    .data               glcd_lpc1700.o
    0x100000f6   0x00000002   PAD
    0x100000f8   0x00000008   Data   RW          159    .data               irq_timer.o
    0x10000100   0x00000008   Data   RW          190    .data               emac.o
    0x10000108   0x00000001   Data   RW          264    .data               funct_speaker.o


    Execution Region ER_ZI (Base: 0x1000010c, Size: 0x00000bd4, Max: 0xffffffff, ABSOLUTE)

    Base Addr    Size         Type   Attr      Idx    E Section Name        Object

    0x1000010c   0x00000489   Zero   RW           53    .bss                channel.o
    0x10000595   0x00000003   PAD
    0x10000598   0x000000e4   Zero   RW          293    .bss                c_w.l(rand.o)
    0x1000067c   0x00000060   Zero   RW          368    .bss                c_w.l(libspace.o)
    0x100006dc   0x00000004   PAD
    0x100006e0   0x00000200   Zero   RW            2    HEAP                startup_lpc17xx.o
    0x100008e0   0x00000400   Zero   RW            1    STACK               startup_lpc17xx.o


==============================================================================

Image component sizes


      Code (inc. data)   RO Data    RW Data    ZI Data      Debug   Object Name

      2112        286       1509        236       1161      43945   channel.o
         0          0          0          0          0       4212   core_cm3.o
      1116         94          0          8          0       3645   emac.o
        48          4          0          0          0        537   funct_joystick.o
       244         14        100          1          0       1124   funct_speaker.o
       120          4          0          0          0        546   funct_timer.o
      3992         76       5376          6          0       9243   glcd_lpc1700.o
        96         22          0          8          0        702   irq_timer.o
        24          6          0          0          0        547   lib_joystick.o
        28         10          0          0          0        371   lib_speaker.o
       160          6          0          0          0      17839   lib_timer.o
        60         26        204          0       1536        876   startup_lpc17xx.o
       600         78          0          4          0        845   system_lpc17xx.o
      3728        324          6          0          0       7316   tcpip.o

    ----------------------------------------------------------------------
     12328        950       7232        268       2700      91748   Object Totals
         0          0         32          0          0          0   (incl. Generated)
         0          0          5          5          3          0   (incl. Padding)

    ----------------------------------------------------------------------

      Code (inc. data)   RO Data    RW Data    ZI Data      Debug   Library Member Name

         8          0          0          0          0         68   __main.o
        52          8          0          0          0          0   __scatter.o
        26          0          0          0          0          0   __scatter_copy.o
        28          0          0          0          0          0   __scatter_zi.o
        28          0          0          0          0         68   _chval.o
       158          0          0          0          0         92   _strtoul.o
        16          0          0          0          0         68   aeabi_memset.o
        26          0          0          0          0         80   atoi.o
        12          0          0          0          0         72   exit.o
         6          0          0          0          0        152   heapauxi.o
         0          0          0          0          0          0   indicate_semi.o
        44         10        272          0          0         76   lc_ctype_c.o
         2          0          0          0          0          0   libinit.o
        24          0          0          0          0          0   libinit2.o
         2          0          0          0          0          0   libshutdown.o
         2          0          0          0          0          0   libshutdown2.o
         8          4          0          0         96         68   libspace.o
        88          0          0          0          0         76   memcmp.o
       112         18          0          0        228        160   rand.o
        16          4          0          0          0         76   rt_ctype_table.o
         8          4          0          0          0         68   rt_errno_addr_intlibspace.o
         8          4          0          0          0         68   rt_locale_intlibspace.o
        68          0          0          0          0         68   rt_memclr.o
        78          0          0          0          0         80   rt_memclr_w.o
       138          0          0          0          0         68   rt_memcpy_v6.o
       100          0          0          0          0         80   rt_memcpy_w.o
         0          0          0          0          0          0   rtentry.o
        12          0          0          0          0          0   rtentry2.o
         6          0          0          0          0          0   rtentry4.o
         2          0          0          0          0          0   rtexit.o
        10          0          0          0          0          0   rtexit2.o
       128          0          0          0          0         68   strcmpv7m.o
        62          0          0          0          0         76   strlen.o
       112          0          0          0          0         88   strtol.o
        12          4          0          0          0         68   sys_exit.o
        74          0          0          0          0         80   sys_stackheap_outer.o
         2          0          0          0          0         68   use_no_semi.o

    ----------------------------------------------------------------------
      1488         56        272          0        328       1936   Library Totals
        10          0          0          0          4          0   (incl. Padding)

    ----------------------------------------------------------------------

      Code (inc. data)   RO Data    RW Data    ZI Data      Debug   Library Name

      1478         56        272          0        324       1936   c_w.l

    ----------------------------------------------------------------------
      1488         56        272          0        328       1936   Library Totals

    ----------------------------------------------------------------------

==============================================================================


      Code (inc. data)   RO Data    RW Data    ZI Data      Debug   

     13816       1006       7504        268       3028      91396   Grand Totals
     13816       1006       7504        268       3028      91396   ELF Image Totals
     13816       1006       7504        268          0          0   ROM Totals

==============================================================================

    Total RO  Size (Code + RO Data)                21320 (  20.82kB)
    Total RW  Size (RW Data + ZI Data)              3296 (   3.22kB)
    Total ROM Size (Code + RO Data + RW Data)      21588 (  21.08kB)

==============================================================================

