<html>
<body>
<pre>
<h1>µVision Build Log</h1>
<h2>Tool Versions:</h2>
IDE-Version: µVision V5.25.0.0
Copyright (C) 2017 ARM Ltd and ARM Germany GmbH. All rights reserved.
License Information: Pietro Francesco Tirenna, Politecnico di Torino, LIC=----
 
Tool Versions:
Toolchain:       MDK-Lite  Version: 5.25.0.0
Toolchain Path:  C:\Keil_v5\ARM\ARMCC\Bin
C Compiler:      Armcc.exe V5.06 update 6 (build 750)
Assembler:       Armasm.exe V5.06 update 6 (build 750)
Linker/Locator:  ArmLink.exe V5.06 update 6 (build 750)
Library Manager: ArmAr.exe V5.06 update 6 (build 750)
Hex Converter:   FromElf.exe V5.06 update 6 (build 750)
CPU DLL:         SARMCM3.DLL V5.25.0.0
Dialog DLL:      DCM.DLL V1.17.0.0
Target DLL:      UL2CM3.DLL V1.160.6.0
Dialog DLL:      TCM.DLL V1.34.0.0
 
<h2>Project:</h2>
C:\Users\pietr\coding\scotlandyARM\scotlandyARM\scotlandyARMp.uvprojx
Project File Date:  01/10/2018

<h2>Output:</h2>
*** Using Compiler 'V5.06 update 6 (build 750)', folder: 'C:\Keil_v5\ARM\ARMCC\Bin'
Build target 'ARMA'
compiling test.c...
joystick.h(10): warning:  #1295-D: Deprecated declaration joystickRead - give arg types
  uint8_t joystickRead();
joystick.h(11): warning:  #1295-D: Deprecated declaration joystickInit - give arg types
  void joystickInit();
test.c(25): warning:  #1-D: last line of file ends without a newline
  }
test.c(17): warning:  #550-D: variable "password"  was set but never used
  	uint8_t password[10];
test.c: 4 warnings, 0 errors
linking...
Program Size: Code=596 RO-data=212 RW-data=0 ZI-data=608  
".\Objects\scotlandyARMp.axf" - 0 Error(s), 4 Warning(s).

<h2>Software Packages used:</h2>

Package Vendor: Keil
                http://www.keil.com/pack/Keil.LPC1700_DFP.2.4.0.pack
                Keil.LPC1700_DFP.2.4.0
                NXP LPC1700 Series Device Support, Drivers and Examples for MCB1700 and LPC1788-32

<h2>Collection of Component include folders:</h2>
  .\RTE\_ARMA
  C:\Keil_v5\ARM\PACK\Keil\LPC1700_DFP\2.4.0\Device\Include

<h2>Collection of Component Files used:</h2>
Build Time Elapsed:  00:00:01
</pre>
</body>
</html>
